\BOOKMARK [1][-]{toc.1}{\376\377\000I\000n\000d\000i\000c\000e}{}% 1
\BOOKMARK [1][-]{section*.2}{\376\377\000L\000i\000s\000t\000a\000\040\000d\000i\000\040\000a\000l\000g\000o\000r\000i\000t\000m\000i}{}% 2
\BOOKMARK [1][-]{section.1}{\376\377\000R\000i\000c\000e\000r\000c\000a}{}% 3
\BOOKMARK [2][-]{subsection.1.1}{\376\377\000E\000s\000e\000m\000p\000i\000o\000\040\000d\000i\000\040\000u\000t\000i\000l\000i\000z\000z\000o}{section.1}% 4
\BOOKMARK [1][-]{section.2}{\376\377\000I\000n\000t\000e\000r\000v\000a\000l\000\040\000S\000c\000h\000e\000d\000u\000l\000i\000n\000g\000\040\000P\000e\000s\000a\000t\000o}{}% 5
